2025-01-29 14:44:30,303 - __main__ - INFO - Запуск бота...
2025-01-29 14:44:30,303 - __main__ - INFO - Инициализация базы данных...
2025-01-29 14:44:30,304 - __main__ - INFO - База данных успешно инициализирована
2025-01-29 14:44:30,304 - __main__ - INFO - Запуск фоновой проверки
2025-01-29 14:44:30,306 - __main__ - INFO - Инициализация Chrome драйвера
2025-01-29 14:44:31,893 - __main__ - INFO - Драйвер успешно инициализирован
2025-01-29 14:44:31,894 - __main__ - INFO - Получение зон для пользователя 321704377
2025-01-29 14:44:31,894 - __main__ - INFO - Найдено зон: 10
2025-01-29 14:44:31,894 - __main__ - INFO - Обработка карты: https://pvz-stat-map.wildberries.ru/#14.26/55.70747/37.80371
2025-01-29 14:44:38,846 - __main__ - INFO - Создание скриншота страницы
2025-01-29 14:44:39,047 - __main__ - INFO - Обработка изображения
2025-01-29 14:44:39,057 - __main__ - INFO - Сохранение изображения с зонами
2025-01-29 14:44:39,089 - __main__ - INFO - Обнаружено зон: 10
2025-01-29 14:44:39,089 - __main__ - INFO - Сравнение зон
2025-01-29 14:44:39,089 - __main__ - INFO - Обнаружено изменений: +0, -0
2025-01-29 14:44:41,212 - __main__ - INFO - Инициализация Chrome драйвера
2025-01-29 14:44:42,685 - __main__ - INFO - Драйвер успешно инициализирован
2025-01-29 14:44:46,740 - __main__ - INFO - Получение зон для пользователя 1206367374
2025-01-29 14:44:46,742 - __main__ - INFO - Найдено зон: 14
2025-01-29 14:44:46,742 - __main__ - INFO - Обработка карты: https://map.wb.ru/#12.53/55.72183/37.77805
2025-01-29 14:44:53,758 - __main__ - INFO - Создание скриншота страницы
2025-01-29 14:44:53,941 - __main__ - INFO - Обработка изображения
2025-01-29 14:44:53,946 - __main__ - INFO - Сохранение изображения с зонами
2025-01-29 14:44:53,974 - __main__ - INFO - Обнаружено зон: 14
2025-01-29 14:44:53,974 - __main__ - INFO - Сравнение зон
2025-01-29 14:44:53,974 - __main__ - INFO - Обнаружено изменений: +0, -0
2025-01-29 14:44:56,122 - __main__ - INFO - Завершение фоновой проверки
2025-01-29 14:45:26,128 - __main__ - INFO - Запуск фоновой проверки
2025-01-29 14:45:26,129 - __main__ - INFO - Инициализация Chrome драйвера
2025-01-29 14:45:27,637 - __main__ - INFO - Драйвер успешно инициализирован
2025-01-29 14:45:27,637 - __main__ - INFO - Получение зон для пользователя 321704377
2025-01-29 14:45:27,638 - __main__ - INFO - Найдено зон: 10
2025-01-29 14:45:27,638 - __main__ - INFO - Обработка карты: https://pvz-stat-map.wildberries.ru/#14.26/55.70747/37.80371
2025-01-29 14:45:34,671 - __main__ - INFO - Создание скриншота страницы
2025-01-29 14:45:34,885 - __main__ - INFO - Обработка изображения
2025-01-29 14:45:34,891 - __main__ - INFO - Сохранение изображения с зонами
2025-01-29 14:45:34,924 - __main__ - INFO - Обнаружено зон: 10
2025-01-29 14:45:34,924 - __main__ - INFO - Сравнение зон
2025-01-29 14:45:34,924 - __main__ - INFO - Обнаружено изменений: +0, -0
2025-01-29 14:45:37,051 - __main__ - INFO - Инициализация Chrome драйвера
2025-01-29 14:45:38,568 - __main__ - INFO - Драйвер успешно инициализирован
2025-01-29 14:45:42,637 - __main__ - INFO - Получение зон для пользователя 1206367374
2025-01-29 14:45:42,638 - __main__ - INFO - Найдено зон: 14
2025-01-29 14:45:42,638 - __main__ - INFO - Обработка карты: https://map.wb.ru/#12.53/55.72183/37.77805
2025-01-29 14:45:50,013 - __main__ - INFO - Создание скриншота страницы
2025-01-29 14:45:50,205 - __main__ - INFO - Обработка изображения
2025-01-29 14:45:50,210 - __main__ - INFO - Сохранение изображения с зонами
2025-01-29 14:45:50,238 - __main__ - INFO - Обнаружено зон: 14
2025-01-29 14:45:50,239 - __main__ - INFO - Сравнение зон
2025-01-29 14:45:50,239 - __main__ - INFO - Обнаружено изменений: +0, -0
2025-01-29 14:45:52,373 - __main__ - INFO - Завершение фоновой проверки
2025-01-29 14:46:22,386 - __main__ - INFO - Запуск фоновой проверки
2025-01-29 14:46:22,387 - __main__ - INFO - Инициализация Chrome драйвера
2025-01-29 14:46:23,831 - __main__ - INFO - Драйвер успешно инициализирован
2025-01-29 14:46:23,831 - __main__ - INFO - Получение зон для пользователя 321704377
2025-01-29 14:46:23,831 - __main__ - INFO - Найдено зон: 10
2025-01-29 14:46:23,832 - __main__ - INFO - Обработка карты: https://pvz-stat-map.wildberries.ru/#14.26/55.70747/37.80371
2025-01-29 14:46:30,781 - __main__ - INFO - Создание скриншота страницы
2025-01-29 14:46:32,158 - __main__ - INFO - Обработка изображения
2025-01-29 14:46:32,164 - __main__ - INFO - Сохранение изображения с зонами
2025-01-29 14:46:32,195 - __main__ - INFO - Обнаружено зон: 10
2025-01-29 14:46:32,195 - __main__ - INFO - Сравнение зон
2025-01-29 14:46:32,195 - __main__ - INFO - Обнаружено изменений: +0, -0
2025-01-29 14:46:34,397 - __main__ - INFO - Инициализация Chrome драйвера
2025-01-29 14:46:35,854 - __main__ - INFO - Драйвер успешно инициализирован
2025-01-29 14:46:39,911 - __main__ - INFO - Получение зон для пользователя 1206367374
2025-01-29 14:46:39,912 - __main__ - INFO - Найдено зон: 14
2025-01-29 14:46:39,912 - __main__ - INFO - Обработка карты: https://map.wb.ru/#12.53/55.72183/37.77805
2025-01-29 14:46:42,976 - __main__ - INFO - Получение зон для пользователя 321704377
2025-01-29 14:46:42,981 - __main__ - INFO - Найдено зон: 10
2025-01-29 14:46:42,982 - __main__ - INFO - Инициализация Chrome драйвера
2025-01-29 14:46:45,689 - __main__ - INFO - Драйвер успешно инициализирован
2025-01-29 14:46:45,689 - __main__ - INFO - Получение ссылки на карту для 321704377
2025-01-29 14:46:45,690 - __main__ - INFO - Обработка карты: https://pvz-stat-map.wildberries.ru/#14.26/55.70747/37.80371
2025-01-29 14:46:47,471 - __main__ - INFO - Создание скриншота страницы
2025-01-29 14:46:47,773 - __main__ - INFO - Обработка изображения
2025-01-29 14:46:47,778 - __main__ - INFO - Сохранение изображения с зонами
2025-01-29 14:46:47,813 - __main__ - INFO - Обнаружено зон: 14
2025-01-29 14:46:47,814 - __main__ - INFO - Сравнение зон
2025-01-29 14:46:47,814 - __main__ - INFO - Обнаружено изменений: +0, -0
2025-01-29 14:46:51,179 - __main__ - INFO - Завершение фоновой проверки
2025-01-29 14:46:52,795 - __main__ - INFO - Создание скриншота страницы
2025-01-29 14:46:52,999 - __main__ - INFO - Обработка изображения
2025-01-29 14:46:53,004 - __main__ - INFO - Сохранение изображения с зонами
2025-01-29 14:46:53,038 - __main__ - INFO - Обнаружено зон: 10
2025-01-29 14:47:13,464 - __main__ - INFO - Сохранение пользователя 321704377: {'notified': True}
2025-01-29 14:47:21,181 - __main__ - INFO - Запуск фоновой проверки
2025-01-29 14:47:21,182 - __main__ - INFO - Инициализация Chrome драйвера
2025-01-29 14:47:22,654 - __main__ - INFO - Драйвер успешно инициализирован
2025-01-29 14:47:22,655 - __main__ - INFO - Получение зон для пользователя 1206367374
2025-01-29 14:47:22,655 - __main__ - INFO - Найдено зон: 14
2025-01-29 14:47:22,656 - __main__ - INFO - Обработка карты: https://map.wb.ru/#12.53/55.72183/37.77805
2025-01-29 14:47:29,834 - __main__ - INFO - Создание скриншота страницы
2025-01-29 14:47:30,019 - __main__ - INFO - Обработка изображения
2025-01-29 14:47:30,024 - __main__ - INFO - Сохранение изображения с зонами
2025-01-29 14:47:30,053 - __main__ - INFO - Обнаружено зон: 14
2025-01-29 14:47:30,053 - __main__ - INFO - Сравнение зон
2025-01-29 14:47:30,053 - __main__ - INFO - Обнаружено изменений: +0, -0
2025-01-29 14:47:32,183 - __main__ - INFO - Завершение фоновой проверки
2025-01-29 14:47:48,210 - __main__ - INFO - Обработка карты от пользователя 321704377
2025-01-29 14:48:02,192 - __main__ - INFO - Запуск фоновой проверки
2025-01-29 14:48:02,193 - __main__ - INFO - Инициализация Chrome драйвера
2025-01-29 14:48:03,649 - __main__ - INFO - Драйвер успешно инициализирован
2025-01-29 14:48:03,649 - __main__ - INFO - Получение зон для пользователя 1206367374
2025-01-29 14:48:03,650 - __main__ - INFO - Найдено зон: 14
2025-01-29 14:48:03,650 - __main__ - INFO - Обработка карты: https://map.wb.ru/#12.53/55.72183/37.77805
2025-01-29 14:48:10,597 - __main__ - INFO - Создание скриншота страницы
2025-01-29 14:48:10,779 - __main__ - INFO - Обработка изображения
2025-01-29 14:48:10,784 - __main__ - INFO - Сохранение изображения с зонами
2025-01-29 14:48:10,811 - __main__ - INFO - Обнаружено зон: 14
2025-01-29 14:48:10,811 - __main__ - INFO - Сравнение зон
2025-01-29 14:48:10,812 - __main__ - INFO - Обнаружено изменений: +0, -0
2025-01-29 14:48:12,956 - __main__ - INFO - Завершение фоновой проверки
2025-01-29 14:48:42,971 - __main__ - INFO - Запуск фоновой проверки
2025-01-29 14:48:42,972 - __main__ - INFO - Инициализация Chrome драйвера
2025-01-29 14:48:44,426 - __main__ - INFO - Драйвер успешно инициализирован
2025-01-29 14:48:44,426 - __main__ - INFO - Получение зон для пользователя 1206367374
2025-01-29 14:48:44,427 - __main__ - INFO - Найдено зон: 14
2025-01-29 14:48:44,427 - __main__ - INFO - Обработка карты: https://map.wb.ru/#12.53/55.72183/37.77805
2025-01-29 14:48:51,423 - __main__ - INFO - Создание скриншота страницы
2025-01-29 14:48:51,616 - __main__ - INFO - Обработка изображения
2025-01-29 14:48:51,621 - __main__ - INFO - Сохранение изображения с зонами
2025-01-29 14:48:51,647 - __main__ - INFO - Обнаружено зон: 14
2025-01-29 14:48:51,647 - __main__ - INFO - Сравнение зон
2025-01-29 14:48:51,647 - __main__ - INFO - Обнаружено изменений: +0, -0
2025-01-29 14:48:53,785 - __main__ - INFO - Завершение фоновой проверки
2025-01-29 14:49:23,801 - __main__ - INFO - Запуск фоновой проверки
2025-01-29 14:49:23,803 - __main__ - INFO - Инициализация Chrome драйвера
2025-01-29 14:49:25,303 - __main__ - INFO - Драйвер успешно инициализирован
2025-01-29 14:49:25,303 - __main__ - INFO - Получение зон для пользователя 1206367374
2025-01-29 14:49:25,304 - __main__ - INFO - Найдено зон: 14
2025-01-29 14:49:25,304 - __main__ - INFO - Обработка карты: https://map.wb.ru/#12.53/55.72183/37.77805
2025-01-29 14:49:32,285 - __main__ - INFO - Создание скриншота страницы
2025-01-29 14:49:32,478 - __main__ - INFO - Обработка изображения
2025-01-29 14:49:32,483 - __main__ - INFO - Сохранение изображения с зонами
2025-01-29 14:49:32,511 - __main__ - INFO - Обнаружено зон: 14
2025-01-29 14:49:32,511 - __main__ - INFO - Сравнение зон
2025-01-29 14:49:32,511 - __main__ - INFO - Обнаружено изменений: +0, -0
2025-01-29 14:49:34,626 - __main__ - INFO - Завершение фоновой проверки
2025-01-29 14:49:37,765 - __main__ - INFO - Запуск бота...
2025-01-29 14:49:37,765 - __main__ - INFO - Инициализация базы данных...
2025-01-29 14:49:37,766 - __main__ - INFO - База данных успешно инициализирована
2025-01-29 14:49:37,766 - __main__ - INFO - Запуск фоновой проверки
2025-01-29 14:49:37,769 - __main__ - INFO - Инициализация Chrome драйвера
2025-01-29 14:49:39,235 - __main__ - INFO - Драйвер успешно инициализирован
2025-01-29 14:49:39,235 - __main__ - INFO - Получение зон для пользователя 1206367374
2025-01-29 14:49:39,236 - __main__ - INFO - Найдено зон: 14
2025-01-29 14:49:39,236 - __main__ - INFO - Обработка карты: https://map.wb.ru/#12.53/55.72183/37.77805
2025-01-29 14:49:46,592 - __main__ - INFO - Создание скриншота страницы
2025-01-29 14:49:46,781 - __main__ - INFO - Обработка изображения
2025-01-29 14:49:46,792 - __main__ - INFO - Сохранение изображения с зонами
2025-01-29 14:49:46,821 - __main__ - INFO - Обнаружено зон: 14
2025-01-29 14:49:46,822 - __main__ - INFO - Сравнение зон
2025-01-29 14:49:46,822 - __main__ - INFO - Обнаружено изменений: +0, -0
2025-01-29 14:49:48,966 - __main__ - INFO - Завершение фоновой проверки
2025-01-29 14:49:53,805 - __main__ - INFO - Сохранение пользователя 321704377: {'notified': True}
2025-01-29 14:49:56,436 - __main__ - INFO - Сохранение пользователя 321704377: {'notified': True}
2025-01-29 14:50:01,537 - __main__ - INFO - Обработка карты от пользователя 321704377
2025-01-29 14:50:02,026 - __main__ - INFO - Сохранение пользователя 321704377: {'notified': True}
2025-01-29 14:50:18,969 - __main__ - INFO - Запуск фоновой проверки
2025-01-29 14:50:18,971 - __main__ - INFO - Инициализация Chrome драйвера
2025-01-29 14:50:20,468 - __main__ - INFO - Драйвер успешно инициализирован
2025-01-29 14:50:20,468 - __main__ - INFO - Получение зон для пользователя 1206367374
2025-01-29 14:50:20,468 - __main__ - INFO - Найдено зон: 14
2025-01-29 14:50:20,469 - __main__ - INFO - Обработка карты: https://map.wb.ru/#12.53/55.72183/37.77805
2025-01-29 14:50:27,462 - __main__ - INFO - Создание скриншота страницы
2025-01-29 14:50:27,640 - __main__ - INFO - Обработка изображения
2025-01-29 14:50:27,645 - __main__ - INFO - Сохранение изображения с зонами
2025-01-29 14:50:27,673 - __main__ - INFO - Обнаружено зон: 14
2025-01-29 14:50:27,673 - __main__ - INFO - Сравнение зон
2025-01-29 14:50:27,673 - __main__ - INFO - Обнаружено изменений: +0, -0
2025-01-29 14:50:29,798 - __main__ - INFO - Завершение фоновой проверки
2025-01-29 14:50:49,883 - __main__ - INFO - Получение зон для пользователя 321704377
2025-01-29 14:50:49,884 - __main__ - INFO - Найдено зон: 10
2025-01-29 14:50:49,884 - __main__ - INFO - Инициализация Chrome драйвера
2025-01-29 14:50:51,409 - __main__ - INFO - Драйвер успешно инициализирован
2025-01-29 14:50:51,409 - __main__ - INFO - Получение ссылки на карту для 321704377
2025-01-29 14:50:51,410 - __main__ - INFO - Обработка карты: https://pvz-stat-map.wildberries.ru/#14.26/55.70747/37.80371
2025-01-29 14:50:58,460 - __main__ - INFO - Создание скриншота страницы
2025-01-29 14:50:58,659 - __main__ - INFO - Обработка изображения
2025-01-29 14:50:58,664 - __main__ - INFO - Сохранение изображения с зонами
2025-01-29 14:50:58,696 - __main__ - INFO - Обнаружено зон: 10
2025-01-29 14:50:59,803 - __main__ - INFO - Запуск фоновой проверки
2025-01-29 14:50:59,804 - __main__ - INFO - Инициализация Chrome драйвера
2025-01-29 14:51:01,252 - __main__ - INFO - Драйвер успешно инициализирован
2025-01-29 14:51:01,252 - __main__ - INFO - Получение зон для пользователя 1206367374
2025-01-29 14:51:01,252 - __main__ - INFO - Найдено зон: 14
2025-01-29 14:51:01,252 - __main__ - INFO - Обработка карты: https://map.wb.ru/#12.53/55.72183/37.77805
2025-01-29 14:51:08,030 - __main__ - INFO - Создание скриншота страницы
2025-01-29 14:51:08,217 - __main__ - INFO - Обработка изображения
2025-01-29 14:51:08,229 - __main__ - INFO - Сохранение изображения с зонами
2025-01-29 14:51:08,258 - __main__ - INFO - Обнаружено зон: 14
2025-01-29 14:51:08,259 - __main__ - INFO - Сравнение зон
2025-01-29 14:51:08,259 - __main__ - INFO - Обнаружено изменений: +0, -0
2025-01-29 14:51:10,366 - __main__ - INFO - Завершение фоновой проверки
2025-01-29 14:51:40,374 - __main__ - INFO - Запуск фоновой проверки
2025-01-29 14:51:40,376 - __main__ - INFO - Инициализация Chrome драйвера
2025-01-29 14:51:41,834 - __main__ - INFO - Драйвер успешно инициализирован
2025-01-29 14:51:41,834 - __main__ - INFO - Получение зон для пользователя 1206367374
2025-01-29 14:51:41,835 - __main__ - INFO - Найдено зон: 14
2025-01-29 14:51:41,835 - __main__ - INFO - Обработка карты: https://map.wb.ru/#12.53/55.72183/37.77805
2025-01-29 14:51:48,789 - __main__ - INFO - Создание скриншота страницы
2025-01-29 14:51:48,969 - __main__ - INFO - Обработка изображения
2025-01-29 14:51:48,974 - __main__ - INFO - Сохранение изображения с зонами
2025-01-29 14:51:49,000 - __main__ - INFO - Обнаружено зон: 14
2025-01-29 14:51:49,001 - __main__ - INFO - Сравнение зон
2025-01-29 14:51:49,001 - __main__ - INFO - Обнаружено изменений: +0, -0
2025-01-29 14:51:51,118 - __main__ - INFO - Завершение фоновой проверки
2025-01-29 14:52:02,806 - __main__ - INFO - Обработка карты от пользователя 321704377
2025-01-29 14:52:02,808 - __main__ - INFO - Сохранение пользователя 321704377: {'map_link': 'https://pvz-stat-map.wildberries.ru/#14.61/55.70183/37.7726', 'notified': False}
2025-01-29 14:52:02,809 - __main__ - INFO - Обновление карты для пользователя 321704377
2025-01-29 14:52:02,809 - __main__ - INFO - Удаление всех зон для пользователя 321704377
2025-01-29 14:52:02,817 - __main__ - INFO - Удалено зон: 10
2025-01-29 14:52:02,909 - __main__ - INFO - Инициализация Chrome драйвера
2025-01-29 14:52:04,372 - __main__ - INFO - Драйвер успешно инициализирован
2025-01-29 14:52:04,372 - __main__ - INFO - Обработка карты: https://pvz-stat-map.wildberries.ru/#14.61/55.70183/37.7726
2025-01-29 14:52:11,544 - __main__ - INFO - Создание скриншота страницы
2025-01-29 14:52:11,737 - __main__ - INFO - Обработка изображения
2025-01-29 14:52:11,745 - __main__ - INFO - Сохранение изображения с зонами
2025-01-29 14:52:11,774 - __main__ - INFO - Обнаружено зон: 10
2025-01-29 14:52:11,775 - __main__ - INFO - Сохранение 10 зон для пользователя 321704377
2025-01-29 14:52:11,781 - __main__ - INFO - Успешно сохранено зон: 10
2025-01-29 14:52:21,119 - __main__ - INFO - Запуск фоновой проверки
2025-01-29 14:52:21,121 - __main__ - INFO - Инициализация Chrome драйвера
2025-01-29 14:52:22,676 - __main__ - INFO - Драйвер успешно инициализирован
2025-01-29 14:52:22,677 - __main__ - INFO - Получение зон для пользователя 321704377
2025-01-29 14:52:22,677 - __main__ - INFO - Найдено зон: 10
2025-01-29 14:52:22,678 - __main__ - INFO - Обработка карты: https://pvz-stat-map.wildberries.ru/#14.61/55.70183/37.7726
2025-01-29 14:52:23,281 - __main__ - INFO - Сохранение пользователя 321704377: {'is_confirmed': True, 'tariff_end_date': '2025-02-01', 'notified': False}
2025-01-29 14:52:30,126 - __main__ - INFO - Создание скриншота страницы
2025-01-29 14:52:30,307 - __main__ - INFO - Обработка изображения
2025-01-29 14:52:30,315 - __main__ - INFO - Сохранение изображения с зонами
2025-01-29 14:52:30,344 - __main__ - INFO - Обнаружено зон: 10
2025-01-29 14:52:30,345 - __main__ - INFO - Сравнение зон
2025-01-29 14:52:30,345 - __main__ - INFO - Обнаружено изменений: +0, -0
2025-01-29 14:52:32,472 - __main__ - INFO - Инициализация Chrome драйвера
2025-01-29 14:52:34,058 - __main__ - INFO - Драйвер успешно инициализирован
2025-01-29 14:52:38,110 - __main__ - INFO - Получение зон для пользователя 1206367374
2025-01-29 14:52:38,111 - __main__ - INFO - Найдено зон: 14
2025-01-29 14:52:38,112 - __main__ - INFO - Обработка карты: https://map.wb.ru/#12.53/55.72183/37.77805
2025-01-29 14:52:45,199 - __main__ - INFO - Создание скриншота страницы
2025-01-29 14:52:45,389 - __main__ - INFO - Обработка изображения
2025-01-29 14:52:45,395 - __main__ - INFO - Сохранение изображения с зонами
2025-01-29 14:52:45,423 - __main__ - INFO - Обнаружено зон: 14
2025-01-29 14:52:45,423 - __main__ - INFO - Сравнение зон
2025-01-29 14:52:45,424 - __main__ - INFO - Обнаружено изменений: +0, -0
2025-01-29 14:52:47,546 - __main__ - INFO - Завершение фоновой проверки
2025-01-29 14:53:17,549 - __main__ - INFO - Запуск фоновой проверки
2025-01-29 14:53:17,550 - __main__ - INFO - Инициализация Chrome драйвера
2025-01-29 14:53:19,160 - __main__ - INFO - Драйвер успешно инициализирован
2025-01-29 14:53:19,161 - __main__ - INFO - Получение зон для пользователя 321704377
2025-01-29 14:53:19,161 - __main__ - INFO - Найдено зон: 10
2025-01-29 14:53:19,161 - __main__ - INFO - Обработка карты: https://pvz-stat-map.wildberries.ru/#14.61/55.70183/37.7726
2025-01-29 14:53:26,122 - __main__ - INFO - Создание скриншота страницы
2025-01-29 14:53:26,305 - __main__ - INFO - Обработка изображения
2025-01-29 14:53:26,313 - __main__ - INFO - Сохранение изображения с зонами
2025-01-29 14:53:26,341 - __main__ - INFO - Обнаружено зон: 10
2025-01-29 14:53:26,341 - __main__ - INFO - Сравнение зон
2025-01-29 14:53:26,341 - __main__ - INFO - Обнаружено изменений: +0, -0
2025-01-29 14:53:28,456 - __main__ - INFO - Инициализация Chrome драйвера
2025-01-29 14:53:29,880 - __main__ - INFO - Драйвер успешно инициализирован
2025-01-29 14:53:33,932 - __main__ - INFO - Получение зон для пользователя 1206367374
2025-01-29 14:53:33,933 - __main__ - INFO - Найдено зон: 14
2025-01-29 14:53:33,933 - __main__ - INFO - Обработка карты: https://map.wb.ru/#12.53/55.72183/37.77805
2025-01-29 14:53:40,922 - __main__ - INFO - Создание скриншота страницы
2025-01-29 14:53:41,104 - __main__ - INFO - Обработка изображения
2025-01-29 14:53:41,108 - __main__ - INFO - Сохранение изображения с зонами
2025-01-29 14:53:41,135 - __main__ - INFO - Обнаружено зон: 14
2025-01-29 14:53:41,135 - __main__ - INFO - Сравнение зон
2025-01-29 14:53:41,136 - __main__ - INFO - Обнаружено изменений: +0, -0
2025-01-29 14:53:44,831 - __main__ - INFO - Завершение фоновой проверки
2025-01-29 14:53:58,553 - TeleBot - ERROR - Infinity polling: polling exited
2025-01-29 14:53:58,553 - TeleBot - ERROR - Break infinity polling
2025-01-29 14:53:58,553 - __main__ - INFO - Завершение работы бота
